[
  {
    "refs": [
      "HEAD",
      "master",
      "origin/master"
    ],
    "commit": "69d13fd57984d923c14d2d129cf57598a4de95e8",
    "commitAbbrev": "69d13fd",
    "tree": "ddc6e4bf07104162669a5517f567f44798427dfb",
    "treeAbbrev": "ddc6e4b",
    "parents": [
      "525269e1f7054d83072833debbcb72816b77712e"
    ],
    "parentsAbbrev": [
      "525269e"
    ],
    "author": {
      "name": "fabien0102",
      "email": "fabien0102@planee.fr",
      "timestamp": 1483556634000
    },
    "committer": {
      "name": "fabien0102",
      "email": "fabien0102@planee.fr",
      "timestamp": 1483556634000
    },
    "subject": "Add snapshot to test app",
    "body": "",
    "notes": "",
    "stats": [
      {
        "additions": 2,
        "deletions": 0,
        "file": "package.json"
      },
      {
        "additions": 7,
        "deletions": 0,
        "file": "src/components/App/App.test.tsx"
      },
      {
        "additions": 214,
        "deletions": 0,
        "file": "src/components/App/__snapshots__/App.test.tsx.snap"
      },
      {
        "additions": 12,
        "deletions": 12,
        "file": "yarn.lock"
      }
    ]
  },
  {
    "refs": [],
    "commit": "525269e1f7054d83072833debbcb72816b77712e",
    "commitAbbrev": "525269e",
    "tree": "2f58941c1f1ad6ceb7989b6af212e9858b16f95b",
    "treeAbbrev": "2f58941",
    "parents": [
      "49563eb4e1559e31ce54cbfa0d3d39677e64957e"
    ],
    "parentsAbbrev": [
      "49563eb"
    ],
    "author": {
      "name": "fabien0102",
      "email": "fabien0102@planee.fr",
      "timestamp": 1483202771000
    },
    "committer": {
      "name": "fabien0102",
      "email": "fabien0102@planee.fr",
      "timestamp": 1483202771000
    },
    "subject": "Add gh-pages",
    "body": "",
    "notes": "",
    "stats": [
      {
        "additions": 2,
        "deletions": 0,
        "file": "README.md"
      },
      {
        "additions": 3,
        "deletions": 1,
        "file": "package.json"
      },
      {
        "additions": 84,
        "deletions": 0,
        "file": "webpack.config.prod.js"
      },
      {
        "additions": 69,
        "deletions": 4,
        "file": "yarn.lock"
      }
    ]
  },
  {
    "refs": [],
    "commit": "49563eb4e1559e31ce54cbfa0d3d39677e64957e",
    "commitAbbrev": "49563eb",
    "tree": "b6e4e69bb3190ca6a2881e94c0cb9410163d3520",
    "treeAbbrev": "b6e4e69",
    "parents": [
      "805f1e41fa6a7e978948f552bba8d00d5254ac0f"
    ],
    "parentsAbbrev": [
      "805f1e4"
    ],
    "author": {
      "name": "fabien0102",
      "email": "fabien0102@planee.fr",
      "timestamp": 1483200541000
    },
    "committer": {
      "name": "fabien0102",
      "email": "fabien0102@planee.fr",
      "timestamp": 1483200541000
    },
    "subject": "Add github ribbon",
    "body": "",
    "notes": "",
    "stats": [
      {
        "additions": 9,
        "deletions": 3,
        "file": "dist/index.html"
      },
      {
        "additions": 1,
        "deletions": 1,
        "file": "src/components/App/App.tsx"
      }
    ]
  },
  {
    "refs": [],
    "commit": "805f1e41fa6a7e978948f552bba8d00d5254ac0f",
    "commitAbbrev": "805f1e4",
    "tree": "a9a1cf826714f218d695dfa8771bf7527d3cd056",
    "treeAbbrev": "a9a1cf8",
    "parents": [
      "41e7052ef933216c70e482f7c46005aa16b0c477"
    ],
    "parentsAbbrev": [
      "41e7052"
    ],
    "author": {
      "name": "fabien0102",
      "email": "fabien0102@planee.fr",
      "timestamp": 1483200192000
    },
    "committer": {
      "name": "fabien0102",
      "email": "fabien0102@planee.fr",
      "timestamp": 1483200315000
    },
    "subject": "Update README",
    "body": "",
    "notes": "",
    "stats": [
      {
        "additions": 9,
        "deletions": 22,
        "file": "README.md"
      }
    ]
  },
  {
    "refs": [],
    "commit": "41e7052ef933216c70e482f7c46005aa16b0c477",
    "commitAbbrev": "41e7052",
    "tree": "d09b55db97b2bad5021b5253c897a885941a3259",
    "treeAbbrev": "d09b55d",
    "parents": [
      "0657b68450be2ede380d407c75883baf9afc1590"
    ],
    "parentsAbbrev": [
      "0657b68"
    ],
    "author": {
      "name": "fabien0102",
      "email": "fabien0102@planee.fr",
      "timestamp": 1483200062000
    },
    "committer": {
      "name": "fabien0102",
      "email": "fabien0102@planee.fr",
      "timestamp": 1483200062000
    },
    "subject": "Add end modal",
    "body": "",
    "notes": "",
    "stats": [
      {
        "additions": 44,
        "deletions": 4,
        "file": "src/components/App/App.scss"
      },
      {
        "additions": 3,
        "deletions": 0,
        "file": "src/components/App/App.scss.d.ts"
      },
      {
        "additions": 17,
        "deletions": 4,
        "file": "src/components/App/App.tsx"
      }
    ]
  },
  {
    "refs": [],
    "commit": "0657b68450be2ede380d407c75883baf9afc1590",
    "commitAbbrev": "0657b68",
    "tree": "aa437d668c7ef00831965b6ab3235aa5135271b3",
    "treeAbbrev": "aa437d6",
    "parents": [
      "69222d0644972bac27d6696f1f006f192a77897d"
    ],
    "parentsAbbrev": [
      "69222d0"
    ],
    "author": {
      "name": "fabien0102",
      "email": "fabien0102@planee.fr",
      "timestamp": 1483197853000
    },
    "committer": {
      "name": "fabien0102",
      "email": "fabien0102@planee.fr",
      "timestamp": 1483197853000
    },
    "subject": "Add better current player feedback",
    "body": "",
    "notes": "",
    "stats": [
      {
        "additions": 23,
        "deletions": 0,
        "file": "src/components/App/App.scss"
      },
      {
        "additions": 5,
        "deletions": 1,
        "file": "src/components/App/App.scss.d.ts"
      },
      {
        "additions": 5,
        "deletions": 1,
        "file": "src/components/App/App.tsx"
      }
    ]
  },
  {
    "refs": [],
    "commit": "69222d0644972bac27d6696f1f006f192a77897d",
    "commitAbbrev": "69222d0",
    "tree": "eaf7bfff08b5637800a58ebe8479561981d34367",
    "treeAbbrev": "eaf7bff",
    "parents": [
      "933d09839b6e56d27b318af51efb24bf0559c12a"
    ],
    "parentsAbbrev": [
      "933d098"
    ],
    "author": {
      "name": "fabien0102",
      "email": "fabien0102@planee.fr",
      "timestamp": 1483177149000
    },
    "committer": {
      "name": "fabien0102",
      "email": "fabien0102@planee.fr",
      "timestamp": 1483177149000
    },
    "subject": "Add score & style",
    "body": "",
    "notes": "",
    "stats": [
      {
        "additions": 4,
        "deletions": 1,
        "file": "README.md"
      },
      {
        "additions": 1,
        "deletions": 0,
        "file": "dist/index.html"
      },
      {
        "additions": 43,
        "deletions": 0,
        "file": "src/components/App/App.scss"
      },
      {
        "additions": 1,
        "deletions": 1,
        "file": "src/components/App/App.tsx"
      },
      {
        "additions": 5,
        "deletions": 6,
        "file": "src/components/Cell/Cell.scss"
      },
      {
        "additions": 27,
        "deletions": 1,
        "file": "src/reducers/game.reducer.test.ts"
      },
      {
        "additions": 7,
        "deletions": 5,
        "file": "src/reducers/game.reducer.ts"
      },
      {
        "additions": 2,
        "deletions": 1,
        "file": "src/store.ts"
      },
      {
        "additions": 4,
        "deletions": 0,
        "file": "src/styles/variables.scss"
      }
    ]
  },
  {
    "refs": [],
    "commit": "933d09839b6e56d27b318af51efb24bf0559c12a",
    "commitAbbrev": "933d098",
    "tree": "31a85eab84afda7338b3c3406502895510dd7b5e",
    "treeAbbrev": "31a85ea",
    "parents": [
      "59a673e0ccac8f8705a8f60c876f19072168dd5a"
    ],
    "parentsAbbrev": [
      "59a673e"
    ],
    "author": {
      "name": "fabien0102",
      "email": "fabien0102@planee.fr",
      "timestamp": 1483118350000
    },
    "committer": {
      "name": "fabien0102",
      "email": "fabien0102@planee.fr",
      "timestamp": 1483118350000
    },
    "subject": "Fix end game",
    "body": "",
    "notes": "",
    "stats": [
      {
        "additions": 18,
        "deletions": 1,
        "file": "src/reducers/game.reducer.test.ts"
      },
      {
        "additions": 1,
        "deletions": 0,
        "file": "src/reducers/game.reducer.ts"
      }
    ]
  },
  {
    "refs": [],
    "commit": "59a673e0ccac8f8705a8f60c876f19072168dd5a",
    "commitAbbrev": "59a673e",
    "tree": "2f51a944b7a36bfbd638f6973da7e6f662e7c390",
    "treeAbbrev": "2f51a94",
    "parents": [
      "3da44c73185d242a68417d0c987bb52752c7d4be"
    ],
    "parentsAbbrev": [
      "3da44c7"
    ],
    "author": {
      "name": "fabien0102",
      "email": "fabien0102@planee.fr",
      "timestamp": 1483118336000
    },
    "committer": {
      "name": "fabien0102",
      "email": "fabien0102@planee.fr",
      "timestamp": 1483118336000
    },
    "subject": "Remove counter test",
    "body": "",
    "notes": "",
    "stats": [
      {
        "additions": 0,
        "deletions": 20,
        "file": "src/components/Counter/Counter.test.tsx"
      },
      {
        "additions": 0,
        "deletions": 19,
        "file": "src/components/Counter/Counter.tsx"
      }
    ]
  },
  {
    "refs": [],
    "commit": "3da44c73185d242a68417d0c987bb52752c7d4be",
    "commitAbbrev": "3da44c7",
    "tree": "7a9a8c889ae519dec7b54706595ca2a07fb1dd0b",
    "treeAbbrev": "7a9a8c8",
    "parents": [
      "4c569a90c79f4a01862104670cfcc1fc0d626538"
    ],
    "parentsAbbrev": [
      "4c569a9"
    ],
    "author": {
      "name": "fabien0102",
      "email": "fabien0102@planee.fr",
      "timestamp": 1483027500000
    },
    "committer": {
      "name": "fabien0102",
      "email": "fabien0102@planee.fr",
      "timestamp": 1483027500000
    },
    "subject": "Add disc projection feature",
    "body": "",
    "notes": "",
    "stats": [
      {
        "additions": 2,
        "deletions": 2,
        "file": "README.md"
      },
      {
        "additions": 5,
        "deletions": 0,
        "file": "src/actions/actions.test.ts"
      },
      {
        "additions": 6,
        "deletions": 0,
        "file": "src/actions/actions.ts"
      },
      {
        "additions": 10,
        "deletions": 7,
        "file": "src/components/App/App.tsx"
      },
      {
        "additions": 14,
        "deletions": 18,
        "file": "src/components/Cell/Cell.scss"
      },
      {
        "additions": 1,
        "deletions": 0,
        "file": "src/components/Cell/Cell.scss.d.ts"
      },
      {
        "additions": 14,
        "deletions": 11,
        "file": "src/components/Cell/Cell.test.tsx"
      },
      {
        "additions": 9,
        "deletions": 2,
        "file": "src/components/Cell/Cell.tsx"
      },
      {
        "additions": 88,
        "deletions": 0,
        "file": "src/reducers/game.reducer.test.ts"
      },
      {
        "additions": 16,
        "deletions": 2,
        "file": "src/reducers/game.reducer.ts"
      },
      {
        "additions": 1,
        "deletions": 0,
        "file": "src/store.ts"
      }
    ]
  },
  {
    "refs": [],
    "commit": "4c569a90c79f4a01862104670cfcc1fc0d626538",
    "commitAbbrev": "4c569a9",
    "tree": "01cb5626e6a7de0a565dcaf16e8828f52f5d8d91",
    "treeAbbrev": "01cb562",
    "parents": [
      "042b854ebc8ced47139077e23f78f97bda3efb3f"
    ],
    "parentsAbbrev": [
      "042b854"
    ],
    "author": {
      "name": "fabien0102",
      "email": "fabien0102@planee.fr",
      "timestamp": 1483027196000
    },
    "committer": {
      "name": "fabien0102",
      "email": "fabien0102@planee.fr",
      "timestamp": 1483027196000
    },
    "subject": "Fix jest style tests",
    "body": "",
    "notes": "",
    "stats": [
      {
        "additions": 1,
        "deletions": 1,
        "file": "package.json"
      }
    ]
  },
  {
    "refs": [],
    "commit": "042b854ebc8ced47139077e23f78f97bda3efb3f",
    "commitAbbrev": "042b854",
    "tree": "fe0bfb31e7caf62f073772f0244ab41f6a7a8393",
    "treeAbbrev": "fe0bfb3",
    "parents": [
      "fba589811d6c2fa63a36b8ca50461b30c2006def"
    ],
    "parentsAbbrev": [
      "fba5898"
    ],
    "author": {
      "name": "fabien0102",
      "email": "fabien0102@planee.fr",
      "timestamp": 1483015484000
    },
    "committer": {
      "name": "fabien0102",
      "email": "fabien0102@planee.fr",
      "timestamp": 1483015484000
    },
    "subject": "Add draw case",
    "body": "",
    "notes": "",
    "stats": [
      {
        "additions": 5,
        "deletions": 0,
        "file": "README.md"
      },
      {
        "additions": 7,
        "deletions": 3,
        "file": "src/components/App/App.tsx"
      },
      {
        "additions": 29,
        "deletions": 0,
        "file": "src/reducers/game.reducer.test.ts"
      },
      {
        "additions": 6,
        "deletions": 4,
        "file": "src/reducers/game.reducer.ts"
      }
    ]
  },
  {
    "refs": [],
    "commit": "fba589811d6c2fa63a36b8ca50461b30c2006def",
    "commitAbbrev": "fba5898",
    "tree": "059d206101780705cd3f4adef0a302052f41ca87",
    "treeAbbrev": "059d206",
    "parents": [
      "53c3c8ccd4b347e7e2e71716b5e30c7341538e8a"
    ],
    "parentsAbbrev": [
      "53c3c8c"
    ],
    "author": {
      "name": "fabien0102",
      "email": "fabien0102@planee.fr",
      "timestamp": 1483014348000
    },
    "committer": {
      "name": "fabien0102",
      "email": "fabien0102@planee.fr",
      "timestamp": 1483014348000
    },
    "subject": "Use scss for App",
    "body": "",
    "notes": "",
    "stats": [
      {
        "additions": 0,
        "deletions": 14,
        "file": "src/components/App/App.css"
      },
      {
        "additions": 0,
        "deletions": 3,
        "file": "src/components/App/App.css.d.ts"
      },
      {
        "additions": 17,
        "deletions": 0,
        "file": "src/components/App/App.scss"
      },
      {
        "additions": 3,
        "deletions": 0,
        "file": "src/components/App/App.scss.d.ts"
      },
      {
        "additions": 1,
        "deletions": 1,
        "file": "src/components/App/App.tsx"
      },
      {
        "additions": 1,
        "deletions": 0,
        "file": "src/components/Cell/Cell.scss"
      }
    ]
  },
  {
    "refs": [],
    "commit": "53c3c8ccd4b347e7e2e71716b5e30c7341538e8a",
    "commitAbbrev": "53c3c8c",
    "tree": "6c642f1d56ef94fe45e4919c0b711d105a24a3e6",
    "treeAbbrev": "6c642f1",
    "parents": [
      "95697b4e495d85ef25589e4181472b1f25ae608a"
    ],
    "parentsAbbrev": [
      "95697b4"
    ],
    "author": {
      "name": "fabien0102",
      "email": "fabien0102@planee.fr",
      "timestamp": 1483008230000
    },
    "committer": {
      "name": "fabien0102",
      "email": "fabien0102@planee.fr",
      "timestamp": 1483008230000
    },
    "subject": "Use scss instead css for cell",
    "body": "",
    "notes": "",
    "stats": [
      {
        "additions": 0,
        "deletions": 31,
        "file": "src/components/Cell/Cell.css"
      },
      {
        "additions": 0,
        "deletions": 4,
        "file": "src/components/Cell/Cell.css.d.ts"
      },
      {
        "additions": 33,
        "deletions": 0,
        "file": "src/components/Cell/Cell.scss"
      },
      {
        "additions": 4,
        "deletions": 0,
        "file": "src/components/Cell/Cell.scss.d.ts"
      },
      {
        "additions": 1,
        "deletions": 1,
        "file": "src/components/Cell/Cell.test.tsx"
      },
      {
        "additions": 1,
        "deletions": 1,
        "file": "src/components/Cell/Cell.tsx"
      }
    ]
  },
  {
    "refs": [],
    "commit": "95697b4e495d85ef25589e4181472b1f25ae608a",
    "commitAbbrev": "95697b4",
    "tree": "7ce4cb2fa388331f902a5796fd5a2eea61081074",
    "treeAbbrev": "7ce4cb2",
    "parents": [
      "73c243b552c78054cb641bd8d24d9782ce011f4c"
    ],
    "parentsAbbrev": [
      "73c243b"
    ],
    "author": {
      "name": "fabien0102",
      "email": "fabien0102@planee.fr",
      "timestamp": 1483008212000
    },
    "committer": {
      "name": "fabien0102",
      "email": "fabien0102@planee.fr",
      "timestamp": 1483008212000
    },
    "subject": "Add Sass",
    "body": "",
    "notes": "",
    "stats": [
      {
        "additions": 2,
        "deletions": 0,
        "file": "package.json"
      },
      {
        "additions": 9,
        "deletions": 0,
        "file": "webpack.config.js"
      },
      {
        "additions": 237,
        "deletions": 16,
        "file": "yarn.lock"
      }
    ]
  },
  {
    "refs": [],
    "commit": "73c243b552c78054cb641bd8d24d9782ce011f4c",
    "commitAbbrev": "73c243b",
    "tree": "dd7a0a3def44ca48e1528d18b29967fb58b1507e",
    "treeAbbrev": "dd7a0a3",
    "parents": [
      "47e77308d75af8bd18926fb55264abcda104375c"
    ],
    "parentsAbbrev": [
      "47e7730"
    ],
    "author": {
      "name": "fabien0102",
      "email": "fabien0102@planee.fr",
      "timestamp": 1483007551000
    },
    "committer": {
      "name": "fabien0102",
      "email": "fabien0102@planee.fr",
      "timestamp": 1483007551000
    },
    "subject": "Improve game style with real yellow disc",
    "body": "",
    "notes": "",
    "stats": [
      {
        "additions": 21,
        "deletions": 8,
        "file": "src/components/Cell/Cell.css"
      },
      {
        "additions": 1,
        "deletions": 1,
        "file": "src/components/Cell/Cell.css.d.ts"
      },
      {
        "additions": 3,
        "deletions": 3,
        "file": "src/components/Cell/Cell.test.tsx"
      },
      {
        "additions": 1,
        "deletions": 1,
        "file": "src/components/Cell/Cell.tsx"
      }
    ]
  },
  {
    "refs": [],
    "commit": "47e77308d75af8bd18926fb55264abcda104375c",
    "commitAbbrev": "47e7730",
    "tree": "efdce67424fcc76a9d626ca840a4d91a6b78891e",
    "treeAbbrev": "efdce67",
    "parents": [
      "7f0e9e34c99c2d0e987bba073f2444920e23958d"
    ],
    "parentsAbbrev": [
      "7f0e9e3"
    ],
    "author": {
      "name": "fabien0102",
      "email": "fabien0102@planee.fr",
      "timestamp": 1483006442000
    },
    "committer": {
      "name": "fabien0102",
      "email": "fabien0102@planee.fr",
      "timestamp": 1483006442000
    },
    "subject": "Add new game action",
    "body": "",
    "notes": "",
    "stats": [
      {
        "additions": 5,
        "deletions": 0,
        "file": "src/actions/actions.test.ts"
      },
      {
        "additions": 4,
        "deletions": 1,
        "file": "src/actions/actions.ts"
      },
      {
        "additions": 3,
        "deletions": 3,
        "file": "src/components/App/App.tsx"
      },
      {
        "additions": 259,
        "deletions": 222,
        "file": "src/reducers/game.reducer.test.ts"
      },
      {
        "additions": 5,
        "deletions": 1,
        "file": "src/reducers/game.reducer.ts"
      },
      {
        "additions": 1,
        "deletions": 1,
        "file": "src/store.ts"
      }
    ]
  },
  {
    "refs": [],
    "commit": "7f0e9e34c99c2d0e987bba073f2444920e23958d",
    "commitAbbrev": "7f0e9e3",
    "tree": "3857b8dc0b0f8832632225bea4922523605ea76b",
    "treeAbbrev": "3857b8d",
    "parents": [
      "577c730d49c40ced87ae3e9f8febf6eeddecf130"
    ],
    "parentsAbbrev": [
      "577c730"
    ],
    "author": {
      "name": "fabien0102",
      "email": "fabien0102@planee.fr",
      "timestamp": 1483005153000
    },
    "committer": {
      "name": "fabien0102",
      "email": "fabien0102@planee.fr",
      "timestamp": 1483005153000
    },
    "subject": "Display game into app",
    "body": "",
    "notes": "",
    "stats": [
      {
        "additions": 9,
        "deletions": 1,
        "file": "src/components/App/App.css"
      },
      {
        "additions": 3,
        "deletions": 1,
        "file": "src/components/App/App.css.d.ts"
      },
      {
        "additions": 4,
        "deletions": 3,
        "file": "src/components/App/App.test.tsx"
      },
      {
        "additions": 26,
        "deletions": 6,
        "file": "src/components/App/App.tsx"
      }
    ]
  },
  {
    "refs": [],
    "commit": "577c730d49c40ced87ae3e9f8febf6eeddecf130",
    "commitAbbrev": "577c730",
    "tree": "62952697fb280f335f3fb9a452ae402ee63edec0",
    "treeAbbrev": "6295269",
    "parents": [
      "f1a9a24fd21e814fe42817b4161cc884c022fbd9"
    ],
    "parentsAbbrev": [
      "f1a9a24"
    ],
    "author": {
      "name": "fabien0102",
      "email": "fabien0102@planee.fr",
      "timestamp": 1483005132000
    },
    "committer": {
      "name": "fabien0102",
      "email": "fabien0102@planee.fr",
      "timestamp": 1483005132000
    },
    "subject": "Remove useless player props",
    "body": "",
    "notes": "",
    "stats": [
      {
        "additions": 2,
        "deletions": 2,
        "file": "src/actions/actions.test.ts"
      },
      {
        "additions": 0,
        "deletions": 1,
        "file": "src/actions/actions.ts"
      },
      {
        "additions": 9,
        "deletions": 9,
        "file": "src/reducers/game.reducer.test.ts"
      },
      {
        "additions": 7,
        "deletions": 7,
        "file": "src/reducers/game.reducer.ts"
      },
      {
        "additions": 2,
        "deletions": 2,
        "file": "src/store.ts"
      }
    ]
  },
  {
    "refs": [],
    "commit": "f1a9a24fd21e814fe42817b4161cc884c022fbd9",
    "commitAbbrev": "f1a9a24",
    "tree": "82e1cc59888815d2ea4b1cdd0a9f7ffae7e90dfd",
    "treeAbbrev": "82e1cc5",
    "parents": [
      "99ad9245549476729f2be6547edeebbdfac4d02e"
    ],
    "parentsAbbrev": [
      "99ad924"
    ],
    "author": {
      "name": "fabien0102",
      "email": "fabien0102@planee.fr",
      "timestamp": 1483005097000
    },
    "committer": {
      "name": "fabien0102",
      "email": "fabien0102@planee.fr",
      "timestamp": 1483005097000
    },
    "subject": "Add placeholder cell style",
    "body": "",
    "notes": "",
    "stats": [
      {
        "additions": 18,
        "deletions": 0,
        "file": "src/components/Cell/Cell.css"
      },
      {
        "additions": 4,
        "deletions": 0,
        "file": "src/components/Cell/Cell.css.d.ts"
      },
      {
        "additions": 7,
        "deletions": 6,
        "file": "src/components/Cell/Cell.test.tsx"
      },
      {
        "additions": 5,
        "deletions": 4,
        "file": "src/components/Cell/Cell.tsx"
      }
    ]
  },
  {
    "refs": [],
    "commit": "99ad9245549476729f2be6547edeebbdfac4d02e",
    "commitAbbrev": "99ad924",
    "tree": "7bd5a75c19429aa7d0a13bfa40192f4c541341e0",
    "treeAbbrev": "7bd5a75",
    "parents": [
      "b707e775814f9039c40b93faa6317ed7befb44a7"
    ],
    "parentsAbbrev": [
      "b707e77"
    ],
    "author": {
      "name": "fabien0102",
      "email": "fabien0102@planee.fr",
      "timestamp": 1482965709000
    },
    "committer": {
      "name": "fabien0102",
      "email": "fabien0102@planee.fr",
      "timestamp": 1482965709000
    },
    "subject": "Add Cell component",
    "body": "",
    "notes": "",
    "stats": [
      {
        "additions": 38,
        "deletions": 0,
        "file": "src/components/Cell/Cell.test.tsx"
      },
      {
        "additions": 25,
        "deletions": 0,
        "file": "src/components/Cell/Cell.tsx"
      }
    ]
  },
  {
    "refs": [],
    "commit": "b707e775814f9039c40b93faa6317ed7befb44a7",
    "commitAbbrev": "b707e77",
    "tree": "1f3dcf4de1f05cf6dd3f140ab344c87852028cfb",
    "treeAbbrev": "1f3dcf4",
    "parents": [
      "85ab369c0d1060195308cdfa560a0293135efb28"
    ],
    "parentsAbbrev": [
      "85ab369"
    ],
    "author": {
      "name": "fabien0102",
      "email": "fabien0102@planee.fr",
      "timestamp": 1482964149000
    },
    "committer": {
      "name": "fabien0102",
      "email": "fabien0102@planee.fr",
      "timestamp": 1482964149000
    },
    "subject": "Implement game logic",
    "body": "",
    "notes": "",
    "stats": [
      {
        "additions": 3,
        "deletions": 8,
        "file": "src/actions/actions.test.ts"
      },
      {
        "additions": 7,
        "deletions": 15,
        "file": "src/actions/actions.ts"
      },
      {
        "additions": 5,
        "deletions": 9,
        "file": "src/components/App/App.tsx"
      },
      {
        "additions": 3,
        "deletions": 0,
        "file": "src/constants.ts"
      },
      {
        "additions": 0,
        "deletions": 25,
        "file": "src/reducers/counter.reducer.test.ts"
      },
      {
        "additions": 0,
        "deletions": 19,
        "file": "src/reducers/counter.reducer.ts"
      },
      {
        "additions": 239,
        "deletions": 0,
        "file": "src/reducers/game.reducer.test.ts"
      },
      {
        "additions": 49,
        "deletions": 0,
        "file": "src/reducers/game.reducer.ts"
      },
      {
        "additions": 2,
        "deletions": 2,
        "file": "src/reducers/reducers.ts"
      },
      {
        "additions": 8,
        "deletions": 2,
        "file": "src/store.ts"
      }
    ]
  },
  {
    "refs": [],
    "commit": "85ab369c0d1060195308cdfa560a0293135efb28",
    "commitAbbrev": "85ab369",
    "tree": "b7ae0f261cd8b868252b14afcc3b8695ddb93b4f",
    "treeAbbrev": "b7ae0f2",
    "parents": [
      "0fcafddfeb8d59494afd86e63e7e774237e2de7b"
    ],
    "parentsAbbrev": [
      "0fcafdd"
    ],
    "author": {
      "name": "fabien0102",
      "email": "fabien0102@planee.fr",
      "timestamp": 1482964136000
    },
    "committer": {
      "name": "fabien0102",
      "email": "fabien0102@planee.fr",
      "timestamp": 1482964136000
    },
    "subject": "Update README",
    "body": "",
    "notes": "",
    "stats": [
      {
        "additions": 1,
        "deletions": 1,
        "file": "README.md"
      }
    ]
  },
  {
    "refs": [],
    "commit": "0fcafddfeb8d59494afd86e63e7e774237e2de7b",
    "commitAbbrev": "0fcafdd",
    "tree": "9c19439ce8fe18a0488f8e040d68d235ca4ba7f6",
    "treeAbbrev": "9c19439",
    "parents": [
      "4431d109cb4803ef944bb40b45400c17def87903"
    ],
    "parentsAbbrev": [
      "4431d10"
    ],
    "author": {
      "name": "fabien0102",
      "email": "fabien0102@planee.fr",
      "timestamp": 1482964123000
    },
    "committer": {
      "name": "fabien0102",
      "email": "fabien0102@planee.fr",
      "timestamp": 1482964123000
    },
    "subject": "Add redux-typescript-actions dep",
    "body": "",
    "notes": "",
    "stats": [
      {
        "additions": 1,
        "deletions": 0,
        "file": "package.json"
      },
      {
        "additions": 4,
        "deletions": 0,
        "file": "yarn.lock"
      }
    ]
  },
  {
    "refs": [],
    "commit": "4431d109cb4803ef944bb40b45400c17def87903",
    "commitAbbrev": "4431d10",
    "tree": "535d52e977d7c96437d44bdac0daf78d22d55447",
    "treeAbbrev": "535d52e",
    "parents": [
      "66f07c0e9ead7c2297804debf3ef31448463d5db"
    ],
    "parentsAbbrev": [
      "66f07c0"
    ],
    "author": {
      "name": "fabien0102",
      "email": "fabien0102@planee.fr",
      "timestamp": 1482964089000
    },
    "committer": {
      "name": "fabien0102",
      "email": "fabien0102@planee.fr",
      "timestamp": 1482964089000
    },
    "subject": "Add es2015 support",
    "body": "",
    "notes": "",
    "stats": [
      {
        "additions": 2,
        "deletions": 1,
        "file": "tsconfig.json"
      }
    ]
  },
  {
    "refs": [],
    "commit": "66f07c0e9ead7c2297804debf3ef31448463d5db",
    "commitAbbrev": "66f07c0",
    "tree": "dcf8bb2a210a595690102de5cdfe13b6afa6d10e",
    "treeAbbrev": "dcf8bb2",
    "parents": [
      "8504a86fdfc54d2a71304324814c539e674bc34c"
    ],
    "parentsAbbrev": [
      "8504a86"
    ],
    "author": {
      "name": "fabien0102",
      "email": "fabien0102@planee.fr",
      "timestamp": 1482920212000
    },
    "committer": {
      "name": "fabien0102",
      "email": "fabien0102@planee.fr",
      "timestamp": 1482920212000
    },
    "subject": "Refactor folder structure",
    "body": "",
    "notes": "",
    "stats": [
      {
        "additions": 1,
        "deletions": 1,
        "file": "src/actions/actions.test.ts"
      },
      {
        "additions": 17,
        "deletions": 0,
        "file": "src/actions/actions.ts"
      },
      {
        "additions": 0,
        "deletions": 14,
        "file": "src/actions/index.ts"
      },
      {
        "additions": 2,
        "deletions": 3,
        "file": "src/components/App/App.tsx"
      },
      {
        "additions": 3,
        "deletions": 10,
        "file": "src/index.tsx"
      },
      {
        "additions": 1,
        "deletions": 1,
        "file": "src/reducers/counter.reducer.test.ts"
      },
      {
        "additions": 8,
        "deletions": 6,
        "file": "src/reducers/counter.reducer.ts"
      },
      {
        "additions": 0,
        "deletions": 6,
        "file": "src/reducers/index.ts"
      },
      {
        "additions": 6,
        "deletions": 0,
        "file": "src/reducers/reducers.ts"
      },
      {
        "additions": 0,
        "deletions": 6,
        "file": "src/store.d.ts"
      },
      {
        "additions": 13,
        "deletions": 0,
        "file": "src/store.ts"
      }
    ]
  },
  {
    "refs": [],
    "commit": "8504a86fdfc54d2a71304324814c539e674bc34c",
    "commitAbbrev": "8504a86",
    "tree": "7d83e9f60f0dc873f3803234946b1e74ea0cf9a1",
    "treeAbbrev": "7d83e9f",
    "parents": [
      "6a93d886965f6bde28b2ed47647a0d68d6a0e7c7"
    ],
    "parentsAbbrev": [
      "6a93d88"
    ],
    "author": {
      "name": "fabien0102",
      "email": "fabien0102@planee.fr",
      "timestamp": 1482875889000
    },
    "committer": {
      "name": "fabien0102",
      "email": "fabien0102@planee.fr",
      "timestamp": 1482875889000
    },
    "subject": "Add tests and refactor",
    "body": "",
    "notes": "",
    "stats": [
      {
        "additions": 2,
        "deletions": 0,
        "file": "package.json"
      },
      {
        "additions": 13,
        "deletions": 0,
        "file": "src/actions/actions.test.ts"
      },
      {
        "additions": 13,
        "deletions": 9,
        "file": "src/actions/index.ts"
      },
      {
        "additions": 2,
        "deletions": 2,
        "file": "src/components/App/App.test.tsx"
      },
      {
        "additions": 1,
        "deletions": 1,
        "file": "src/components/App/App.tsx"
      },
      {
        "additions": 20,
        "deletions": 0,
        "file": "src/components/Counter/Counter.test.tsx"
      },
      {
        "additions": 2,
        "deletions": 3,
        "file": "src/components/Counter/Counter.tsx"
      },
      {
        "additions": 25,
        "deletions": 0,
        "file": "src/reducers/counter.reducer.test.ts"
      },
      {
        "additions": 12,
        "deletions": 13,
        "file": "src/reducers/counter.reducer.ts"
      },
      {
        "additions": 17,
        "deletions": 1,
        "file": "yarn.lock"
      }
    ]
  },
  {
    "refs": [],
    "commit": "6a93d886965f6bde28b2ed47647a0d68d6a0e7c7",
    "commitAbbrev": "6a93d88",
    "tree": "ba9943921bd16688157b188cff075fd89326cf27",
    "treeAbbrev": "ba99439",
    "parents": [
      "d0efa24b915bb90843f9b8b5100bf890e1730be3"
    ],
    "parentsAbbrev": [
      "d0efa24"
    ],
    "author": {
      "name": "fabien0102",
      "email": "fabien0102@planee.fr",
      "timestamp": 1482869691000
    },
    "committer": {
      "name": "fabien0102",
      "email": "fabien0102@planee.fr",
      "timestamp": 1482869691000
    },
    "subject": "Add tslint",
    "body": "",
    "notes": "",
    "stats": [
      {
        "additions": 1,
        "deletions": 1,
        "file": "src/actions/index.ts"
      },
      {
        "additions": 12,
        "deletions": 12,
        "file": "src/components/Counter/Counter.tsx"
      },
      {
        "additions": 103,
        "deletions": 0,
        "file": "tslint.json"
      }
    ]
  },
  {
    "refs": [],
    "commit": "d0efa24b915bb90843f9b8b5100bf890e1730be3",
    "commitAbbrev": "d0efa24",
    "tree": "839698e8101c110fc1f8665b3856c83b8668d907",
    "treeAbbrev": "839698e",
    "parents": [
      "9ed653762c4b4d77a1f964fa48cbdf08d246e0af"
    ],
    "parentsAbbrev": [
      "9ed6537"
    ],
    "author": {
      "name": "fabien0102",
      "email": "fabien0102@planee.fr",
      "timestamp": 1482868982000
    },
    "committer": {
      "name": "fabien0102",
      "email": "fabien0102@planee.fr",
      "timestamp": 1482868982000
    },
    "subject": "Test redux pattern with a simple counter",
    "body": "",
    "notes": "",
    "stats": [
      {
        "additions": 2,
        "deletions": 0,
        "file": "package.json"
      },
      {
        "additions": 10,
        "deletions": 0,
        "file": "src/actions/index.ts"
      },
      {
        "additions": 0,
        "deletions": 1,
        "file": "src/components/App/App.css"
      },
      {
        "additions": 24,
        "deletions": 2,
        "file": "src/components/App/App.tsx"
      },
      {
        "additions": 20,
        "deletions": 0,
        "file": "src/components/Counter/Counter.tsx"
      },
      {
        "additions": 13,
        "deletions": 3,
        "file": "src/index.tsx"
      },
      {
        "additions": 18,
        "deletions": 0,
        "file": "src/reducers/counter.reducer.ts"
      },
      {
        "additions": 6,
        "deletions": 0,
        "file": "src/reducers/index.ts"
      },
      {
        "additions": 6,
        "deletions": 0,
        "file": "src/store.d.ts"
      },
      {
        "additions": 23,
        "deletions": 2,
        "file": "yarn.lock"
      }
    ]
  },
  {
    "refs": [],
    "commit": "9ed653762c4b4d77a1f964fa48cbdf08d246e0af",
    "commitAbbrev": "9ed6537",
    "tree": "6c6e784f5cf0b1d46c0e6413176ea546ba7bf107",
    "treeAbbrev": "6c6e784",
    "parents": [
      "ea00737621459bf5693e5e695e291a0989fc9a9e"
    ],
    "parentsAbbrev": [
      "ea00737"
    ],
    "author": {
      "name": "fabien0102",
      "email": "fabien0102@planee.fr",
      "timestamp": 1482788152000
    },
    "committer": {
      "name": "fabien0102",
      "email": "fabien0102@planee.fr",
      "timestamp": 1482788152000
    },
    "subject": "Make jest works with typescript",
    "body": "",
    "notes": "",
    "stats": [
      {
        "additions": 2,
        "deletions": 2,
        "file": "README.md"
      },
      {
        "additions": 1,
        "deletions": 0,
        "file": "__mocks__/styleMock.js"
      },
      {
        "additions": 20,
        "deletions": 0,
        "file": "package.json"
      },
      {
        "additions": 12,
        "deletions": 0,
        "file": "src/components/App/App.test.tsx"
      },
      {
        "additions": 12,
        "deletions": 7,
        "file": "src/components/App/App.tsx"
      },
      {
        "additions": 2,
        "deletions": 1,
        "file": "webpack.config.js"
      },
      {
        "additions": 619,
        "deletions": 23,
        "file": "yarn.lock"
      }
    ]
  },
  {
    "refs": [],
    "commit": "ea00737621459bf5693e5e695e291a0989fc9a9e",
    "commitAbbrev": "ea00737",
    "tree": "3583770efd7a51c04b45205a61b7110871b360b2",
    "treeAbbrev": "3583770",
    "parents": [
      "ee6ef2d73d32282c63d127bc835638a9160641b5"
    ],
    "parentsAbbrev": [
      "ee6ef2d"
    ],
    "author": {
      "name": "fabien0102",
      "email": "fabien0102@planee.fr",
      "timestamp": 1482698196000
    },
    "committer": {
      "name": "fabien0102",
      "email": "fabien0102@planee.fr",
      "timestamp": 1482698261000
    },
    "subject": "Use typescript :)",
    "body": "",
    "notes": "",
    "stats": [
      {
        "additions": 1,
        "deletions": 1,
        "file": "README.md"
      },
      {
        "additions": 0,
        "deletions": 6,
        "file": "src/components/App.css"
      },
      {
        "additions": 0,
        "deletions": 10,
        "file": "src/components/App.jsx"
      },
      {
        "additions": 7,
        "deletions": 0,
        "file": "src/components/App/App.css"
      },
      {
        "additions": 1,
        "deletions": 0,
        "file": "src/components/App/App.css.d.ts"
      },
      {
        "additions": 10,
        "deletions": 0,
        "file": "src/components/App/App.tsx"
      },
      {
        "additions": 2,
        "deletions": 0,
        "file": "src/declarations.d.ts"
      },
      {
        "additions": 0,
        "deletions": 26,
        "file": "src/index.jsx"
      },
      {
        "additions": 26,
        "deletions": 0,
        "file": "src/index.tsx"
      },
      {
        "additions": 13,
        "deletions": 0,
        "file": "tsconfig.json"
      },
      {
        "additions": 8,
        "deletions": 2,
        "file": "webpack.config.js"
      }
    ]
  },
  {
    "refs": [],
    "commit": "ee6ef2d73d32282c63d127bc835638a9160641b5",
    "commitAbbrev": "ee6ef2d",
    "tree": "999035cd021e7faae2e58bc52779213e75e60297",
    "treeAbbrev": "999035c",
    "parents": [],
    "parentsAbbrev": [],
    "author": {
      "name": "fabien0102",
      "email": "fabien0102@planee.fr",
      "timestamp": 1482696959000
    },
    "committer": {
      "name": "fabien0102",
      "email": "fabien0102@planee.fr",
      "timestamp": 1482696959000
    },
    "subject": "Initial commit",
    "body": "",
    "notes": "",
    "stats": [
      {
        "additions": 18,
        "deletions": 0,
        "file": ".babelrc"
      },
      {
        "additions": 84,
        "deletions": 0,
        "file": ".gitignore"
      },
      {
        "additions": 32,
        "deletions": 0,
        "file": "README.md"
      },
      {
        "additions": 11,
        "deletions": 0,
        "file": "dist/index.html"
      },
      {
        "additions": 35,
        "deletions": 0,
        "file": "package.json"
      },
      {
        "additions": 6,
        "deletions": 0,
        "file": "src/components/App.css"
      },
      {
        "additions": 10,
        "deletions": 0,
        "file": "src/components/App.jsx"
      },
      {
        "additions": 26,
        "deletions": 0,
        "file": "src/index.jsx"
      },
      {
        "additions": 76,
        "deletions": 0,
        "file": "webpack.config.js"
      },
      {
        "additions": 4690,
        "deletions": 0,
        "file": "yarn.lock"
      }
    ]
  }
]
